_ft
_ph
_vi_word
ac_ft
achars
acsb
bar_ft
bchars
bclen
blockatt
blockdep
blockflg
conf_hlrev
conf_mode
dctxlen
dctxs
def_bclen
def_zwlen
digraphs
dir_rsctx
dir_rslr
dir_rsrl
dmarks
dmarkslen
dwchars
ex_ft
ex_tpbuf
excmds
extregn
extsb
fm_ft
fsdir
fsincl
fspos
ftidx
ftmap
ftmidx
fts
ftslen
fuzz_ft
hlopts
hloptslen
hls
hlslen
kmap_en
kmap_fa
kmap_ru
kmaps
msg_ft
n_ft
nn_ft
ph
phlen
rep_cmd
rep_len
rstate
rstates
suggestsb
syn_blockhl
syn_ftrs
syn_scdirl
termios
vi_arg
vi_charcmd
vi_charlast
vi_cndir
vi_col
vi_hidch
vi_mod
vi_nlmode
vi_scrolley
vi_scrollud
vi_status
vi_tsm
vi_word
vi_word_m
vi_wsel
vi_ybuf
vs_ft
xgerr
xirerr
xrerr
xserr
xuerr
zwchars
zwlen
